mode: set
github.com/clipperhouse/setwriter/test/setup.go:13.13,15.37 1 0
github.com/clipperhouse/setwriter/test/setup.go:19.2,20.16 2 0
github.com/clipperhouse/setwriter/test/setup.go:23.2,23.14 1 0
github.com/clipperhouse/setwriter/test/setup.go:15.37,17.3 1 0
github.com/clipperhouse/setwriter/test/setup.go:20.16,22.3 1 0
github.com/clipperhouse/setwriter/test/thing_set.go:15.29,17.2 1 1
github.com/clipperhouse/setwriter/test/thing_set.go:20.47,22.25 2 1
github.com/clipperhouse/setwriter/test/thing_set.go:25.2,25.10 1 1
github.com/clipperhouse/setwriter/test/thing_set.go:22.25,24.3 1 1
github.com/clipperhouse/setwriter/test/thing_set.go:29.39,33.2 3 1
github.com/clipperhouse/setwriter/test/thing_set.go:36.44,39.2 2 1
github.com/clipperhouse/setwriter/test/thing_set.go:42.50,44.26 2 1
github.com/clipperhouse/setwriter/test/thing_set.go:47.2,47.14 1 1
github.com/clipperhouse/setwriter/test/thing_set.go:44.26,46.3 1 1
github.com/clipperhouse/setwriter/test/thing_set.go:51.51,52.24 1 1
github.com/clipperhouse/setwriter/test/thing_set.go:57.2,57.13 1 1
github.com/clipperhouse/setwriter/test/thing_set.go:52.24,53.28 1 1
github.com/clipperhouse/setwriter/test/thing_set.go:53.28,55.4 1 1
github.com/clipperhouse/setwriter/test/thing_set.go:61.53,63.2 1 1
github.com/clipperhouse/setwriter/test/thing_set.go:66.52,69.24 2 1
github.com/clipperhouse/setwriter/test/thing_set.go:72.2,72.26 1 1
github.com/clipperhouse/setwriter/test/thing_set.go:75.2,75.19 1 1
github.com/clipperhouse/setwriter/test/thing_set.go:69.24,71.3 1 1
github.com/clipperhouse/setwriter/test/thing_set.go:72.26,74.3 1 1
github.com/clipperhouse/setwriter/test/thing_set.go:79.56,82.45 2 1
github.com/clipperhouse/setwriter/test/thing_set.go:95.2,95.21 1 1
github.com/clipperhouse/setwriter/test/thing_set.go:82.45,83.25 1 0
github.com/clipperhouse/setwriter/test/thing_set.go:83.25,84.28 1 0
github.com/clipperhouse/setwriter/test/thing_set.go:84.28,86.5 1 0
github.com/clipperhouse/setwriter/test/thing_set.go:88.4,89.27 1 1
github.com/clipperhouse/setwriter/test/thing_set.go:89.27,90.26 1 1
github.com/clipperhouse/setwriter/test/thing_set.go:90.26,92.5 1 1
github.com/clipperhouse/setwriter/test/thing_set.go:99.57,101.24 2 1
github.com/clipperhouse/setwriter/test/thing_set.go:106.2,106.23 1 1
github.com/clipperhouse/setwriter/test/thing_set.go:101.24,102.28 1 1
github.com/clipperhouse/setwriter/test/thing_set.go:102.28,104.4 1 1
github.com/clipperhouse/setwriter/test/thing_set.go:110.66,114.2 3 1
github.com/clipperhouse/setwriter/test/thing_set.go:117.30,119.2 1 1
github.com/clipperhouse/setwriter/test/thing_set.go:122.37,124.2 1 1
github.com/clipperhouse/setwriter/test/thing_set.go:127.39,129.2 1 1
github.com/clipperhouse/setwriter/test/thing_set.go:132.41,134.12 2 1
github.com/clipperhouse/setwriter/test/thing_set.go:141.2,141.11 1 1
github.com/clipperhouse/setwriter/test/thing_set.go:134.12,135.25 1 1
github.com/clipperhouse/setwriter/test/thing_set.go:138.3,138.12 1 1
github.com/clipperhouse/setwriter/test/thing_set.go:135.25,137.4 1 1
github.com/clipperhouse/setwriter/test/thing_set.go:147.48,148.46 1 1
github.com/clipperhouse/setwriter/test/thing_set.go:151.2,151.24 1 1
github.com/clipperhouse/setwriter/test/thing_set.go:156.2,156.13 1 1
github.com/clipperhouse/setwriter/test/thing_set.go:148.46,150.3 1 1
github.com/clipperhouse/setwriter/test/thing_set.go:151.24,152.28 1 1
github.com/clipperhouse/setwriter/test/thing_set.go:152.28,154.4 1 0
github.com/clipperhouse/setwriter/test/thing_set.go:161.38,163.24 2 1
github.com/clipperhouse/setwriter/test/thing_set.go:166.2,166.18 1 1
github.com/clipperhouse/setwriter/test/thing_set.go:163.24,165.3 1 1
